
> gym-app@0.1.0 build
> next build

▲ Next.js 16.2.1 (Turbopack)
- Environments: .env.local

node.exe : ⚠ The 
"middleware" file 
convention is deprecated. 
Please use "proxy" 
instead. Learn more: https
://nextjs.org/docs/message
s/middleware-to-proxy
At line:1 char:1
+ & "C:\Program 
Files\nodejs/node.exe" 
"C:\Program 
Files\nodejs/node_mo ...
+ ~~~~~~~~~~~~~~~~~~~~~~~~
~~~~~~~~~~~~~~~~~~~~~~~~~~
~~~~~~~~~~~~~~~~~~~
    + CategoryInfo        
      : NotSpecified: (⚠  
   The "middlewa...lewa   
 re-to-proxy:String) [    
], RemoteException
    + FullyQualifiedError 
   Id : NativeCommandErr  
  or
 
  Creating an optimized production build ...

> Build error occurred
Error: Turbopack build 
failed with 11 errors:
./src/app/admin/reports/Mo
nthPicker.tsx:3:1
Module not found: Can't 
resolve 
'@/components/ui/select'
  [90m 1 |[0m [32m'use 
client'[0m;
  [90m 2 |[0m
[31m[1m>[0m [90m 3 
|[0m [36mimport[0m { 
  [90m   |[0m 
[31m[1m^^^^^^^^[0m
[31m[1m>[0m [90m 4 
|[0m   [33mSelect[0m, 
  [90m   |[0m 
[31m[1m^^^^^^^^^^[0m
[31m[1m>[0m [90m 5 
|[0m   
[33mSelectContent[0m, 
  [90m   |[0m [31m[1m^
^^^^^^^^^^^^^^^^[0m
[31m[1m>[0m [90m 6 
|[0m   
[33mSelectItem[0m, 
  [90m   |[0m [31m[1m^
^^^^^^^^^^^^^[0m
[31m[1m>[0m [90m 7 
|[0m   
[33mSelectTrigger[0m, 
  [90m   |[0m [31m[1m^
^^^^^^^^^^^^^^^^[0m
[31m[1m>[0m [90m 8 
|[0m   
[33mSelectValue[0m 
  [90m   |[0m [31m[1m^
^^^^^^^^^^^^^[0m
[31m[1m>[0m [90m 9 
|[0m } [36mfrom[0m [32
m"@/components/ui/select"
[0m;
  [90m   |[0m [31m[1m^
^^^^^^^^^^^^^^^^^^^^^^^^^^
^^^^^[0m
  [90m10 |[0m 
[36mimport[0m { format, 
subMonths, startOfMonth } 
[36mfrom[0m 
[32m'date-fns'[0m;
  [90m11 |[0m 
[36mimport[0m { vi } 
[36mfrom[0m [32m'date-f
ns/locale'[0m;
  [90m12 |[0m 
[36mimport[0m { useMemo 
} [36mfrom[0m 
[32m'react'[0m;

Import map: aliased to 
relative './src/components
/ui/select' inside of 
[project]/


Import traces:
  Client Component 
Browser:
    ./src/app/admin/report
s/MonthPicker.tsx [Client 
Component Browser]
    ./src/app/admin/report
s/page.tsx [Client 
Component Browser]
    ./src/app/admin/report
s/page.tsx [Server 
Component]

  Client Component SSR:
    ./src/app/admin/report
s/MonthPicker.tsx [Client 
Component SSR]
    ./src/app/admin/report
s/page.tsx [Client 
Component SSR]
    ./src/app/admin/report
s/page.tsx [Server 
Component]

https://nextjs.org/docs/me
ssages/module-not-found


./src/app/admin/clients/[c
lientId]/page.tsx:5:1
Module not found: Can't 
resolve 
'@/components/ui/tabs'
  [90m3 |[0m 
[36mimport[0m { 
useState, useEffect } 
[36mfrom[0m 
[32m'react'[0m;
  [90m4 |[0m 
[36mimport[0m { 
useParams, useRouter, 
useSearchParams } 
[36mfrom[0m [32m'next/n
avigation'[0m;
[31m[1m>[0m [90m5 
|[0m [36mimport[0m { 
[33mTabs[0m, 
[33mTabsContent[0m, 
[33mTabsList[0m, 
[33mTabsTrigger[0m } 
[36mfrom[0m [32m"@/comp
onents/ui/tabs"[0m;
  [90m  |[0m [31m[1m^^
^^^^^^^^^^^^^^^^^^^^^^^^^^
^^^^^^^^^^^^^^^^^^^^^^^^^^
^^^^^^^^^^^^^^^^^^^^^^^^^^
[0m
  [90m6 |[0m 
[36mimport[0m { 
[33mButton[0m } 
[36mfrom[0m [32m'@/comp
onents/ui/button'[0m;
  [90m7 |[0m 
[36mimport[0m { 
[33mArrowLeft[0m, 
[33mUser[0m, 
[33mMessageSquare[0m } 
[36mfrom[0m 
[32m'lucide-react'[0m;
  [90m8 |[0m 
[36mimport[0m 
[33mOverviewTab[0m 
[36mfrom[0m [32m'./tabs
/OverviewTab'[0m;

Import map: aliased to 
relative './src/components
/ui/tabs' inside of 
[project]/


Import traces:
  Client Component 
Browser:
    ./src/app/admin/client
s/[clientId]/page.tsx 
[Client Component Browser]
    ./src/app/admin/client
s/[clientId]/page.tsx 
[Server Component]

  Client Component SSR:
    ./src/app/admin/client
s/[clientId]/page.tsx 
[Client Component SSR]
    ./src/app/admin/client
s/[clientId]/page.tsx 
[Server Component]

https://nextjs.org/docs/me
ssages/module-not-found


./src/app/pt/session/[sess
ionId]/ClientProfileTab.ts
x:5:1
Module not found: Can't 
resolve 
'@/components/ui/tabs'
  [90m3 |[0m 
[36mimport[0m { 
useState, useEffect } 
[36mfrom[0m 
[32m'react'[0m;
  [90m4 |[0m 
[36mimport[0m { 
[33mCard[0m, 
[33mCardContent[0m } 
[36mfrom[0m [32m'@/comp
onents/ui/card'[0m;
[31m[1m>[0m [90m5 
|[0m [36mimport[0m { 
[33mTabs[0m, 
[33mTabsContent[0m, 
[33mTabsList[0m, 
[33mTabsTrigger[0m } 
[36mfrom[0m [32m"@/comp
onents/ui/tabs"[0m;
  [90m  |[0m [31m[1m^^
^^^^^^^^^^^^^^^^^^^^^^^^^^
^^^^^^^^^^^^^^^^^^^^^^^^^^
^^^^^^^^^^^^^^^^^^^^^^^^^^
[0m
  [90m6 |[0m 
[36mimport[0m 
[33mOverviewTab[0m 
[36mfrom[0m [32m'@/app/
admin/clients/[clientId]/t
abs/OverviewTab'[0m;
  [90m7 |[0m 
[36mimport[0m 
[33mHealthTab[0m 
[36mfrom[0m [32m'@/app/
admin/clients/[clientId]/t
abs/HealthTab'[0m;
  [90m8 |[0m 
[36mimport[0m [33mSessi
onHistoryTab[0m 
[36mfrom[0m [32m'@/app/
admin/clients/[clientId]/t
abs/SessionHistoryTab'[0m
;

Import map: aliased to 
relative './src/components
/ui/tabs' inside of 
[project]/


Import traces:
  Client Component 
Browser:
    ./src/app/pt/session/[
sessionId]/ClientProfileTa
b.tsx [Client Component 
Browser]
    ./src/app/pt/session/[
sessionId]/page.tsx 
[Client Component Browser]
    ./src/app/pt/session/[
sessionId]/page.tsx 
[Server Component]

  Client Component SSR:
    ./src/app/pt/session/[
sessionId]/ClientProfileTa
b.tsx [Client Component 
SSR]
    ./src/app/pt/session/[
sessionId]/page.tsx 
[Client Component SSR]
    ./src/app/pt/session/[
sessionId]/page.tsx 
[Server Component]

https://nextjs.org/docs/me
ssages/module-not-found


./src/app/pt/session/[sess
ionId]/page.tsx:9:1
Module not found: Can't 
resolve 
'@/components/ui/tabs'
  [90m 7 |[0m 
[36mimport[0m { 
[33mInput[0m } 
[36mfrom[0m [32m'@/comp
onents/ui/input'[0m;
  [90m 8 |[0m 
[36mimport[0m { 
[33mArrowLeft[0m, 
[33mSave[0m, 
[33mCheckCircle[0m, 
[33mPlus[0m, 
[33mTrash2[0m, 
[33mDumbbell[0m, 
[33mUserSquare2[0m, 
[33mListTodo[0m, 
[33mCopy[0m..[33m.[0m
[31m[1m>[0m [90m 9 
|[0m [36mimport[0m { 
[33mTabs[0m, 
[33mTabsContent[0m, 
[33mTabsList[0m, 
[33mTabsTrigger[0m } 
[36mfrom[0m [32m'@/comp
onents/ui/tabs'[0m;
  [90m   |[0m [31m[1m^
^^^^^^^^^^^^^^^^^^^^^^^^^^
^^^^^^^^^^^^^^^^^^^^^^^^^^
^^^^^^^^^^^^^^^^^^^^^^^^^^
^[0m
  [90m10 |[0m 
[36mimport[0m 
[33mClientProfileTab[0m 
[36mfrom[0m [32m'./Clie
ntProfileTab'[0m;
  [90m11 |[0m 
[36mimport[0m 
[33mExercisePicker[0m 
[36mfrom[0m [32m'@/comp
onents/logbook/ExercisePic
ker'[0m;
  [90m12 |[0m

Import map: aliased to 
relative './src/components
/ui/tabs' inside of 
[project]/


Import traces:
  Client Component 
Browser:
    ./src/app/pt/session/[
sessionId]/page.tsx 
[Client Component Browser]
    ./src/app/pt/session/[
sessionId]/page.tsx 
[Server Component]

  Client Component SSR:
    ./src/app/pt/session/[
sessionId]/page.tsx 
[Client Component SSR]
    ./src/app/pt/session/[
sessionId]/page.tsx 
[Server Component]

https://nextjs.org/docs/me
ssages/module-not-found


./src/app/admin/clients/[c
lientId]/page.tsx:12:1
Module not found: Can't 
resolve 'sonner'
  [90m10 |[0m 
[36mimport[0m 
[33mHealthTab[0m 
[36mfrom[0m [32m'./tabs
/HealthTab'[0m;
  [90m11 |[0m 
[36mimport[0m 
[33mPhotosTab[0m 
[36mfrom[0m [32m'./tabs
/PhotosTab'[0m;
[31m[1m>[0m [90m12 
|[0m [36mimport[0m { 
toast } [36mfrom[0m 
[32m'sonner'[0m;
  [90m   |[0m [31m[1m^
^^^^^^^^^^^^^^^^^^^^^^^^^^
^^^^[0m
  [90m13 |[0m
  [90m14 |[0m 
[36mexport[0m 
[36mdefault[0m 
[36mfunction[0m [33mCli
entProfilePage[0m() {
  [90m15 |[0m   
[36mconst[0m { clientId 
} = useParams();



Import traces:
  Client Component 
Browser:
    ./src/app/admin/client
s/[clientId]/page.tsx 
[Client Component Browser]
    ./src/app/admin/client
s/[clientId]/page.tsx 
[Server Component]

  Client Component SSR:
    ./src/app/admin/client
s/[clientId]/page.tsx 
[Client Component SSR]
    ./src/app/admin/client
s/[clientId]/page.tsx 
[Server Component]

https://nextjs.org/docs/me
ssages/module-not-found


./src/app/admin/clients/[c
lientId]/tabs/PhotosTab.ts
x:9:1
Module not found: Can't 
resolve 'sonner'
  [90m 7 |[0m 
[36mimport[0m { 
[33mInput[0m } 
[36mfrom[0m [32m"@/comp
onents/ui/input"[0m;
  [90m 8 |[0m 
[36mimport[0m { 
[33mLabel[0m } 
[36mfrom[0m [32m"@/comp
onents/ui/label"[0m;
[31m[1m>[0m [90m 9 
|[0m [36mimport[0m { 
toast } [36mfrom[0m 
[32m'sonner'[0m;
  [90m   |[0m [31m[1m^
^^^^^^^^^^^^^^^^^^^^^^^^^^
^^^^[0m
  [90m10 |[0m
  [90m11 |[0m 
[36minterface[0m 
[33mPhoto[0m {
  [90m12 |[0m   id: 
string;



Import traces:
  Client Component 
Browser:
    ./src/app/admin/client
s/[clientId]/tabs/PhotosTa
b.tsx [Client Component 
Browser]
    ./src/app/admin/client
s/[clientId]/page.tsx 
[Client Component Browser]
    ./src/app/admin/client
s/[clientId]/page.tsx 
[Server Component]

  Client Component SSR:
    ./src/app/admin/client
s/[clientId]/tabs/PhotosTa
b.tsx [Client Component 
SSR]
    ./src/app/admin/client
s/[clientId]/page.tsx 
[Client Component SSR]
    ./src/app/admin/client
s/[clientId]/page.tsx 
[Server Component]

https://nextjs.org/docs/me
ssages/module-not-found


./src/app/admin/exercises/
page.tsx:9:1
Module not found: Can't 
resolve 'sonner'
  [90m 7 |[0m 
[36mimport[0m { 
[33mLabel[0m } 
[36mfrom[0m [32m'@/comp
onents/ui/label'[0m;
  [90m 8 |[0m 
[36mimport[0m { 
[33mDumbbell[0m, 
[33mPlus[0m, 
[33mSearch[0m, 
[33mEdit[0m, 
[33mEye[0m, 
[33mEyeOff[0m, 
[33mX[0m, [33mSave[0m 
} [36mfrom[0m 
[32m'lucide-react'[0m;
[31m[1m>[0m [90m 9 
|[0m [36mimport[0m { 
toast } [36mfrom[0m 
[32m'sonner'[0m;
  [90m   |[0m [31m[1m^
^^^^^^^^^^^^^^^^^^^^^^^^^^
^^^^[0m
  [90m10 |[0m
  [90m11 |[0m 
[36minterface[0m 
[33mExercise[0m {
  [90m12 |[0m   id: 
string;



Import traces:
  Client Component 
Browser:
    ./src/app/admin/exerci
ses/page.tsx [Client 
Component Browser]
    ./src/app/admin/exerci
ses/page.tsx [Server 
Component]

  Client Component SSR:
    ./src/app/admin/exerci
ses/page.tsx [Client 
Component SSR]
    ./src/app/admin/exerci
ses/page.tsx [Server 
Component]

https://nextjs.org/docs/me
ssages/module-not-found


./src/app/admin/payroll/pa
ge.tsx:8:1
Module not found: Can't 
resolve 'sonner'
  [90m 6 |[0m 
[36mimport[0m { 
[33mInput[0m } 
[36mfrom[0m [32m'@/comp
onents/ui/input'[0m;
  [90m 7 |[0m 
[36mimport[0m { 
[33mDollarSign[0m, 
[33mCalendar[0m, 
[33mChevronDown[0m, 
[33mChevronRight[0m, 
[33mCheckCircle[0m, 
[33mClock[0m, 
[33mFileText[0m, 
[33mDo...[0m
[31m[1m>[0m [90m 8 
|[0m [36mimport[0m { 
toast } [36mfrom[0m 
[32m'sonner'[0m;
  [90m   |[0m [31m[1m^
^^^^^^^^^^^^^^^^^^^^^^^^^^
^^^^[0m
  [90m 9 |[0m 
[36mimport[0m { format 
} [36mfrom[0m 
[32m'date-fns'[0m;
  [90m10 |[0m 
[36mimport[0m { vi } 
[36mfrom[0m [32m'date-f
ns/locale'[0m;
  [90m11 |[0m



Import traces:
  Client Component 
Browser:
    ./src/app/admin/payrol
l/page.tsx [Client 
Component Browser]
    ./src/app/admin/payrol
l/page.tsx [Server 
Component]

  Client Component SSR:
    ./src/app/admin/payrol
l/page.tsx [Client 
Component SSR]
    ./src/app/admin/payrol
l/page.tsx [Server 
Component]

https://nextjs.org/docs/me
ssages/module-not-found


./src/app/admin/reports/pa
ge.tsx:10:1
Module not found: Can't 
resolve 'sonner'
  [90m 8 |[0m 
[36mimport[0m 
[33mPTReportTable[0m 
[36mfrom[0m [32m'./PTRe
portTable'[0m;
  [90m 9 |[0m 
[36mimport[0m [33mPacka
gesSoldTable[0m 
[36mfrom[0m [32m'./Pack
agesSoldTable'[0m;
[31m[1m>[0m [90m10 
|[0m [36mimport[0m { 
toast } [36mfrom[0m 
[32m'sonner'[0m;
  [90m   |[0m [31m[1m^
^^^^^^^^^^^^^^^^^^^^^^^^^^
^^^^[0m
  [90m11 |[0m 
[36mimport[0m { format, 
parseISO, startOfMonth } 
[36mfrom[0m 
[32m'date-fns'[0m;
  [90m12 |[0m
  [90m13 |[0m 
[36mexport[0m 
[36mdefault[0m 
[36mfunction[0m [33mAdm
inReportsPage[0m() {



Import traces:
  Client Component 
Browser:
    ./src/app/admin/report
s/page.tsx [Client 
Component Browser]
    ./src/app/admin/report
s/page.tsx [Server 
Component]

  Client Component SSR:
    ./src/app/admin/report
s/page.tsx [Client 
Component SSR]
    ./src/app/admin/report
s/page.tsx [Server 
Component]

https://nextjs.org/docs/me
ssages/module-not-found


./src/app/admin/sessions/p
age.tsx:9:1
Module not found: Can't 
resolve 'sonner'
  [90m 7 |[0m 
[36mimport[0m { 
[33mLabel[0m } 
[36mfrom[0m [32m'@/comp
onents/ui/label'[0m;
  [90m 8 |[0m 
[36mimport[0m { 
[33mCalendarDays[0m, 
[33mFilter[0m, 
[33mCheckSquare[0m, 
[33mXSquare[0m, 
[33mTrash2[0m, 
[33mClock[0m, 
[33mArrowRight[0m } 
[36mfrom[0m 
[32m'luc...[0m
[31m[1m>[0m [90m 9 
|[0m [36mimport[0m { 
toast } [36mfrom[0m 
[32m'sonner'[0m;
  [90m   |[0m [31m[1m^
^^^^^^^^^^^^^^^^^^^^^^^^^^
^^^^[0m
  [90m10 |[0m 
[36mimport[0m { format, 
addDays } [36mfrom[0m 
[32m'date-fns'[0m;
  [90m11 |[0m
  [90m12 |[0m 
[36minterface[0m 
[33mSession[0m {



Import traces:
  Client Component 
Browser:
    ./src/app/admin/sessio
ns/page.tsx [Client 
Component Browser]
    ./src/app/admin/sessio
ns/page.tsx [Server 
Component]

  Client Component SSR:
    ./src/app/admin/sessio
ns/page.tsx [Client 
Component SSR]
    ./src/app/admin/sessio
ns/page.tsx [Server 
Component]

https://nextjs.org/docs/me
ssages/module-not-found


./src/app/admin/users/[ptI
d]/page.tsx:10:1
Module not found: Can't 
resolve 'sonner'
  [90m 8 |[0m 
[36mimport[0m { format 
} [36mfrom[0m 
[32m'date-fns'[0m;
  [90m 9 |[0m 
[36mimport[0m { vi } 
[36mfrom[0m [32m'date-f
ns/locale'[0m;
[31m[1m>[0m [90m10 
|[0m [36mimport[0m { 
toast } [36mfrom[0m 
[32m'sonner'[0m;
  [90m   |[0m [31m[1m^
^^^^^^^^^^^^^^^^^^^^^^^^^^
^^^^[0m
  [90m11 |[0m
  [90m12 |[0m 
[36mexport[0m 
[36mdefault[0m 
[36mfunction[0m 
[33mPTDetailsPage[0m() {
  [90m13 |[0m   
[36mconst[0m { ptId } = 
useParams();



Import traces:
  Client Component 
Browser:
    ./src/app/admin/users/
[ptId]/page.tsx [Client 
Component Browser]
    ./src/app/admin/users/
[ptId]/page.tsx [Server 
Component]

  Client Component SSR:
    ./src/app/admin/users/
[ptId]/page.tsx [Client 
Component SSR]
    ./src/app/admin/users/
[ptId]/page.tsx [Server 
Component]

https://nextjs.org/docs/me
ssages/module-not-found


    at <unknown> (./src/ap
p/admin/reports/MonthPicke
r.tsx:3:1)
    at <unknown> (https://
nextjs.org/docs/messages/m
odule-not-found)
    at <unknown> (./src/ap
p/admin/clients/[clientId]
/page.tsx:5:1)
    at <unknown> (https://
nextjs.org/docs/messages/m
odule-not-found)
    at <unknown> (./src/ap
p/pt/session/[sessionId]/C
lientProfileTab.tsx:5:1)
    at <unknown> (https://
nextjs.org/docs/messages/m
odule-not-found)
    at <unknown> (./src/ap
p/pt/session/[sessionId]/p
age.tsx:9:1)
    at <unknown> (https://
nextjs.org/docs/messages/m
odule-not-found)
    at <unknown> (./src/ap
p/admin/clients/[clientId]
/page.tsx:12:1)
    at <unknown> (https://
nextjs.org/docs/messages/m
odule-not-found)
    at <unknown> (./src/ap
p/admin/clients/[clientId]
/tabs/PhotosTab.tsx:9:1)
    at <unknown> (https://
nextjs.org/docs/messages/m
odule-not-found)
    at <unknown> (./src/ap
p/admin/exercises/page.tsx
:9:1)
    at <unknown> (https://
nextjs.org/docs/messages/m
odule-not-found)
    at <unknown> (./src/ap
p/admin/payroll/page.tsx:8
:1)
    at <unknown> (https://
nextjs.org/docs/messages/m
odule-not-found)
    at <unknown> (./src/ap
p/admin/reports/page.tsx:1
0:1)
    at <unknown> (https://
nextjs.org/docs/messages/m
odule-not-found)
    at <unknown> (./src/ap
p/admin/sessions/page.tsx:
9:1)
    at <unknown> (https://
nextjs.org/docs/messages/m
odule-not-found)
    at <unknown> (./src/ap
p/admin/users/[ptId]/page.
tsx:10:1)
    at <unknown> (https://
nextjs.org/docs/messages/m
odule-not-found)
